C51 COMPILER V9.00   MAIN                                                                  05/21/2015 16:32:41 PAGE 1   


C51 COMPILER V9.00, COMPILATION OF MODULE MAIN
OBJECT MODULE PLACED IN main.OBJ
COMPILER INVOKED BY: C:\Keil\C51\BIN\C51.EXE main.c OPTIMIZE(9,SPEED) BROWSE DEBUG OBJECTEXTEND

line level    source

   1          /**
   2           * 用单片机制作游戏机
   3           * 洋子
   4           * purocean@gmail.com
   5           * 2015年5月8日17:53:05
   6           */
   7          
   8          #include <reg51.h>
   9          #include "inc/event/event.h"
  10          #include "inc/timer/timer.h"
  11          #include "inc/lcd/nokia_5110.h"
  12          #include "menu/menu.h"
  13          #include "about/about.h"
  14          #include "mine/mine.h"
  15          
  16          // 初始化工作
  17          void init(void);
  18          
  19          void main(void){
  20   1          init();
  21   1      
  22   1          for(;;){
  23   2              // 扫描按键
  24   2              event_scan_key();
  25   2      
  26   2              switch(Func_id){
  27   3                  case 2:
  28   3                      mine();
  29   3                      break;
  30   3                  case 1:
  31   3                      about();
  32   3                      break;
  33   3                  default:
  34   3                      menu();
  35   3              }
  36   2      
  37   2              // if(300 <= Menu_id && Menu_id < 400){
  38   2              //     mine();
  39   2              // }else if(200 <= Menu_id && Menu_id < 300){
  40   2              //     about();
  41   2              // }else if(100 <= Menu_id && Menu_id < 200){
  42   2              //     menu();
  43   2              // }
  44   2      
  45   2              // LCD_draw_int_6x8(42, 0,P2);
  46   2              // LCD_draw_int_6x8(0, 0, Menu_id);
  47   2          }
  48   1      }
  49          
  50          void init(void){
  51   1          timer_init();
  52   1          LCD_init();
  53   1          LCD_clear();
  54   1          menu_init();
  55   1      }
C51 COMPILER V9.00   MAIN                                                                  05/21/2015 16:32:41 PAGE 2   



MODULE INFORMATION:   STATIC OVERLAYABLE
   CODE SIZE        =     41    ----
   CONSTANT SIZE    =   ----    ----
   XDATA SIZE       =   ----    ----
   PDATA SIZE       =   ----    ----
   DATA SIZE        =   ----    ----
   IDATA SIZE       =   ----    ----
   BIT SIZE         =   ----    ----
END OF MODULE INFORMATION.


C51 COMPILATION COMPLETE.  0 WARNING(S),  0 ERROR(S)
