C51 COMPILER V9.00   RACING                                                                05/17/2015 19:37:51 PAGE 1   


C51 COMPILER V9.00, COMPILATION OF MODULE RACING
OBJECT MODULE PLACED IN racing.obj
COMPILER INVOKED BY: C:\Keil\C51\BIN\C51.EXE racing\racing.c BROWSE DEBUG OBJECTEXTEND PRINT(.\racing.lst) OBJECT(racing
                    -.obj)

line level    source

   1          /* 赛车游戏
   2           * 洋子
   3           * purocean@gmail.com
   4           * 2015年5月16日23:08:58
   5           */
   6          
   7          #include <reg51.h>
   8          #include "../inc/event/event.h"
   9          #include "../inc/lcd/nokia_5110.h"
  10          #include "../menu/menu.h"
  11          #include "racing.h"
  12          #include "racing_data.h"
  13          
  14          void racing_init(void){
  15   1          Menu_id = 200;
  16   1          LCD_clear();
  17   1      }
  18          
  19          void racing(void){
  20   1          static bit key_flag = 1;
  21   1      
  22   1          if(KEY_LEFT){
  23   2              if(key_flag){
  24   3                  key_flag = 0;
  25   3              }
  26   2          }else if(KEY_RIGHT){
  27   2              if(key_flag){
  28   3                  key_flag = 0;
  29   3              }
  30   2          }else if(KEY_START){
  31   2              if(key_flag){
  32   3                  key_flag = 0;
  33   3              }
  34   2          }else if(KEY_EXIT){
  35   2              if(key_flag){
  36   3                  racing_exit();
  37   3                  key_flag = 0;
  38   3                  return;
  39   3              }
  40   2          }else{
  41   2              key_flag = 1;
  42   2          }
  43   1      
  44   1          racing_test();
  45   1      }
  46          
  47          void racing_test(void){
  48   1          static unsigned char i;
  49   1      
  50   1          ++i;
  51   1      
  52   1          LCD_draw_int_6x8(50,3,i);
  53   1      }
  54          
C51 COMPILER V9.00   RACING                                                                05/17/2015 19:37:51 PAGE 2   

  55          void racing_exit(void){
  56   1          menu_init();
  57   1      }


MODULE INFORMATION:   STATIC OVERLAYABLE
   CODE SIZE        =     79    ----
   CONSTANT SIZE    =   ----    ----
   XDATA SIZE       =   ----    ----
   PDATA SIZE       =   ----    ----
   DATA SIZE        =      1    ----
   IDATA SIZE       =   ----    ----
   BIT SIZE         =      1    ----
END OF MODULE INFORMATION.


C51 COMPILATION COMPLETE.  0 WARNING(S),  0 ERROR(S)
