C51 COMPILER V9.00   TIMER                                                                 05/17/2015 19:11:55 PAGE 1   


C51 COMPILER V9.00, COMPILATION OF MODULE TIMER
OBJECT MODULE PLACED IN timer.obj
COMPILER INVOKED BY: C:\Keil\C51\BIN\C51.EXE inc\timer\timer.c BROWSE DEBUG OBJECTEXTEND PRINT(.\timer.lst) OBJECT(timer
                    -.obj)

line level    source

   1          /**
   2           * 定时器相关
   3           * 洋子
   4           * purocean@gmail.com
   5           * 2015年5月10日21:31:31
   6           */
   7          
   8          #include <reg51.h>
   9          #include "timer.h"
  10          
  11          bit Timer_T0_flag = 0;
  12          
  13          void timer_init(void){
  14   1          TMOD = 0x01; // 设置定时器 0 为非门控制方式 1
  15   1          TH0  = (65536 - TIMER_MS_COUNT_NUM) / 256; // 装载计数器初值
  16   1          TL0  = (65536 - TIMER_MS_COUNT_NUM) % 256;
  17   1          EA   = 1; // CPU 中断开放
  18   1          ET0  = 1; // 开放 T/CO
  19   1          TR0  = 1; // 启动 T/C0
  20   1      }
  21          
  22          unsigned char timer_delay_ms(unsigned long ms){
  23   1          while(ms > 0){
  24   2              if(Timer_T0_flag){
  25   3                  timer_init();
  26   3                  --ms;
  27   3                  Timer_T0_flag =0;
  28   3              }
  29   2          }
  30   1      
  31   1          return 1;
  32   1      }
  33          
  34          void timer_ms_interrupt(void) interrupt 1 using 1{
  35   1          Timer_T0_flag = 1;
  36   1          timer_init();
  37   1      }


MODULE INFORMATION:   STATIC OVERLAYABLE
   CODE SIZE        =     86    ----
   CONSTANT SIZE    =   ----    ----
   XDATA SIZE       =   ----    ----
   PDATA SIZE       =   ----    ----
   DATA SIZE        =   ----       4
   IDATA SIZE       =   ----    ----
   BIT SIZE         =      1    ----
END OF MODULE INFORMATION.


C51 COMPILATION COMPLETE.  0 WARNING(S),  0 ERROR(S)
